Archive member included to satisfy reference by file (symbol)

/usr/lib/gcc/avr/5.4.0/avr5/libgcc.a(_divmodsi4.o)
                              /tmp/ccH0MKLy.ltrans0.ltrans.o (__divmodsi4)
/usr/lib/gcc/avr/5.4.0/avr5/libgcc.a(_negsi2.o)
                              /usr/lib/gcc/avr/5.4.0/avr5/libgcc.a(_divmodsi4.o) (__negsi2)
/usr/lib/gcc/avr/5.4.0/avr5/libgcc.a(_ctors.o)
                              /tmp/ccH0MKLy.ltrans0.ltrans.o (__do_global_ctors)
/usr/lib/gcc/avr/5.4.0/avr5/libgcc.a(_udivdi3.o)
                              /tmp/ccH0MKLy.ltrans0.ltrans.o (__umoddi3)
/usr/lib/gcc/avr/5.4.0/avr5/libgcc.a(_udivmod64.o)
                              /usr/lib/gcc/avr/5.4.0/avr5/libgcc.a(_udivdi3.o) (__udivmod64)
/usr/lib/gcc/avr/5.4.0/avr5/libgcc.a(_adddi3_s8.o)
                              /tmp/ccH0MKLy.ltrans0.ltrans.o (__adddi3_s8)
/usr/lib/gcc/avr/5.4.0/avr5/libgcc.a(_cmpdi2_s8.o)
                              /tmp/ccH0MKLy.ltrans0.ltrans.o (__cmpdi2_s8)
/usr/lib/gcc/avr/5.4.0/avr5/libgcc.a(_udivmodsi4.o)
                              /usr/lib/gcc/avr/5.4.0/avr5/libgcc.a(_divmodsi4.o) (__udivmodsi4)
/usr/lib/gcc/avr/5.4.0/avr5/libgcc.a(_tablejump2.o)
                              /usr/lib/gcc/avr/5.4.0/avr5/libgcc.a(_ctors.o) (__tablejump2__)

Discarded input sections

 .text          0x0000000000000000        0x0 build/main.o (symbol from plugin)
 .text          0x0000000000000000        0x0 /tmp/ccH0MKLy.ltrans0.ltrans.o
 .bss           0x0000000000000000        0x0 /tmp/ccH0MKLy.ltrans0.ltrans.o
 .text._ZL11_rx_handlerPv
                0x0000000000000000       0x1e /tmp/ccH0MKLy.ltrans0.ltrans.o
 .text._ZL12_dre_handlerPv
                0x0000000000000000       0x1e /tmp/ccH0MKLy.ltrans0.ltrans.o
 .text._ZL11_tx_handlerPv
                0x0000000000000000       0x1e /tmp/ccH0MKLy.ltrans0.ltrans.o
 .text._ZN16avr_usart_device5setupElchh
                0x0000000000000000       0xd0 /tmp/ccH0MKLy.ltrans0.ltrans.o
 .text._ZN16avr_usart_device5hasrxEv
                0x0000000000000000       0x12 /tmp/ccH0MKLy.ltrans0.ltrans.o
 .text._ZN16avr_usart_device5cantxEv
                0x0000000000000000       0x12 /tmp/ccH0MKLy.ltrans0.ltrans.o
 .text._ZN16avr_usart_device8sendbyteEi
                0x0000000000000000       0x12 /tmp/ccH0MKLy.ltrans0.ltrans.o
 .text._ZN16avr_usart_device8recvbyteEv
                0x0000000000000000       0x10 /tmp/ccH0MKLy.ltrans0.ltrans.o
 .text._ZN16avr_usart_device7ctrirqsEh
                0x0000000000000000       0x6e /tmp/ccH0MKLy.ltrans0.ltrans.o
 .text._ZN16avr_usart_device6enableEi
                0x0000000000000000       0x84 /tmp/ccH0MKLy.ltrans0.ltrans.o
 .text.__cxa_pure_virtual
                0x0000000000000000        0x2 /tmp/ccH0MKLy.ltrans0.ltrans.o
 .text._ZN5genos9directory7iterateEPcjPNS_7openresE
                0x0000000000000000        0x6 /tmp/ccH0MKLy.ltrans0.ltrans.o
 .text.write    0x0000000000000000       0xaa /tmp/ccH0MKLy.ltrans0.ltrans.o
 .text.file_printchar
                0x0000000000000000       0x2c /tmp/ccH0MKLy.ltrans0.ltrans.o
 .text._ZN5genos8resource7gettypeEv
                0x0000000000000000        0x6 /tmp/ccH0MKLy.ltrans0.ltrans.o
 .text.printf   0x0000000000000000       0x38 /tmp/ccH0MKLy.ltrans0.ltrans.o
 .text.vprintf  0x0000000000000000       0x10 /tmp/ccH0MKLy.ltrans0.ltrans.o
 .text.puts     0x0000000000000000       0x50 /tmp/ccH0MKLy.ltrans0.ltrans.o
 .text.memcmp   0x0000000000000000       0x36 /tmp/ccH0MKLy.ltrans0.ltrans.o
 .text.strcat   0x0000000000000000       0x1e /tmp/ccH0MKLy.ltrans0.ltrans.o
 .text.strchr   0x0000000000000000       0x1e /tmp/ccH0MKLy.ltrans0.ltrans.o
 .text.strncpy  0x0000000000000000       0x40 /tmp/ccH0MKLy.ltrans0.ltrans.o
 .text.strcpy   0x0000000000000000       0x10 /tmp/ccH0MKLy.ltrans0.ltrans.o
 .text.strrchr  0x0000000000000000       0x4a /tmp/ccH0MKLy.ltrans0.ltrans.o
 .text.strstr   0x0000000000000000       0x42 /tmp/ccH0MKLy.ltrans0.ltrans.o
 .text.memset   0x0000000000000000       0xe2 /tmp/ccH0MKLy.ltrans0.ltrans.o
 .text.strncmp  0x0000000000000000       0x40 /tmp/ccH0MKLy.ltrans0.ltrans.o
 .text.memcpy   0x0000000000000000       0xf8 /tmp/ccH0MKLy.ltrans0.ltrans.o
 .text.strcspn  0x0000000000000000       0x46 /tmp/ccH0MKLy.ltrans0.ltrans.o
 .text.strspn   0x0000000000000000       0x2a /tmp/ccH0MKLy.ltrans0.ltrans.o
 .text.strncat  0x0000000000000000       0x7e /tmp/ccH0MKLy.ltrans0.ltrans.o
 .text.strpbrk  0x0000000000000000       0x38 /tmp/ccH0MKLy.ltrans0.ltrans.o
 .text.memchr   0x0000000000000000       0x1e /tmp/ccH0MKLy.ltrans0.ltrans.o
 .text.strlen   0x0000000000000000       0x1c /tmp/ccH0MKLy.ltrans0.ltrans.o
 .text.memmove  0x0000000000000000       0x32 /tmp/ccH0MKLy.ltrans0.ltrans.o
 .text.abort    0x0000000000000000        0xa /tmp/ccH0MKLy.ltrans0.ltrans.o
 .text.__context_displace_vector__
                0x0000000000000000       0x18 /tmp/ccH0MKLy.ltrans0.ltrans.o
 .bss._ZL5count
                0x0000000000000000        0x2 /tmp/ccH0MKLy.ltrans0.ltrans.o
 .text          0x0000000000000000        0x0 build/home/mirmik/project/genos/board/arduino/board.o (symbol from plugin)
 .gnu.linkonce.t._ZTV11uart_device
                0x0000000000000000        0x0 build/home/mirmik/project/genos/board/arduino/board.o (symbol from plugin)
 .text          0x0000000000000000        0x0 build/home/mirmik/project/genos/src/diag/dprint_diag.o (symbol from plugin)
 .text          0x0000000000000000        0x0 build/home/mirmik/project/igris/igris/dprint/dprint_func_impl.o (symbol from plugin)
 .text          0x0000000000000000        0x0 build/home/mirmik/project/igris/igris/dprint/dprintxx.o (symbol from plugin)
 .text          0x0000000000000000        0x0 build/home/mirmik/project/igris/igris/sync/syslock_genos_atomic.o (symbol from plugin)
 .text          0x0000000000000000        0x0 build/home/mirmik/project/genos/arch/avr/src/start.o
 .bss           0x0000000000000000        0x0 build/home/mirmik/project/genos/arch/avr/src/start.o
 .text          0x0000000000000000        0x0 build/home/mirmik/project/genos/arch/avr/src/vectors.o
 .bss           0x0000000000000000        0x0 build/home/mirmik/project/genos/arch/avr/src/vectors.o
 .text          0x0000000000000000        0x0 build/home/mirmik/project/genos/arch/avr/src/irqcall.o
 .bss           0x0000000000000000        0x0 build/home/mirmik/project/genos/arch/avr/src/irqcall.o
 .text          0x0000000000000000      0x196 build/home/mirmik/project/genos/arch/avr/src/switch_context.o
 .bss           0x0000000000000000        0x0 build/home/mirmik/project/genos/arch/avr/src/switch_context.o
 .text          0x0000000000000000        0x0 build/home/mirmik/project/genos/arch/avr/src/context.o (symbol from plugin)
 .text          0x0000000000000000        0x0 build/home/mirmik/project/genos/arch/avr/src/end_of_programm.o (symbol from plugin)
 .text          0x0000000000000000        0x0 build/home/mirmik/project/genos/arch/avr/src/arch.o (symbol from plugin)
 .text          0x0000000000000000        0x0 build/home/mirmik/project/genos/arch/avr/src/periph/timer.o (symbol from plugin)
 .text          0x0000000000000000       0x3a build/home/mirmik/project/genos/arch/avr/src/debug_blink.o
 .bss           0x0000000000000000        0x0 build/home/mirmik/project/genos/arch/avr/src/debug_blink.o
 .text          0x0000000000000000        0x0 build/home/mirmik/project/igris/igris/util/numconvert.o (symbol from plugin)
 .text          0x0000000000000000        0x0 build/home/mirmik/project/igris/igris/util/hexascii.o (symbol from plugin)
 .gnu.linkonce.t._ZNSbISaIcEE12changeBufferEj
                0x0000000000000000        0x0 build/home/mirmik/project/igris/igris/util/hexascii.o (symbol from plugin)
 .gnu.linkonce.t._ZNSbISaIcEE7reserveEj
                0x0000000000000000        0x0 build/home/mirmik/project/igris/igris/util/hexascii.o (symbol from plugin)
 .gnu.linkonce.t._ZNSbISaIcEE6resizeEj
                0x0000000000000000        0x0 build/home/mirmik/project/igris/igris/util/hexascii.o (symbol from plugin)
 .text          0x0000000000000000        0x0 build/home/mirmik/project/igris/igris/util/string.o (symbol from plugin)
 .gnu.linkonce.t._ZNSbISaIcEED5Ev
                0x0000000000000000        0x0 build/home/mirmik/project/igris/igris/util/string.o (symbol from plugin)
 .gnu.linkonce.t._ZNSbISaIcEE4moveERS0_
                0x0000000000000000        0x0 build/home/mirmik/project/igris/igris/util/string.o (symbol from plugin)
 .gnu.linkonce.t._ZNSbISaIcEEC5EOS0_
                0x0000000000000000        0x0 build/home/mirmik/project/igris/igris/util/string.o (symbol from plugin)
 .gnu.linkonce.t._ZN5igris16array_destructorIPSbISaIcEEEEvT_S4_
                0x0000000000000000        0x0 build/home/mirmik/project/igris/igris/util/string.o (symbol from plugin)
 .gnu.linkonce.t._ZNSbISaIcEE12changeBufferEj
                0x0000000000000000        0x0 build/home/mirmik/project/igris/igris/util/string.o (symbol from plugin)
 .gnu.linkonce.t._ZNSbISaIcEE7reserveEj
                0x0000000000000000        0x0 build/home/mirmik/project/igris/igris/util/string.o (symbol from plugin)
 .gnu.linkonce.t._ZNSbISaIcEE6appendEPKcj
                0x0000000000000000        0x0 build/home/mirmik/project/igris/igris/util/string.o (symbol from plugin)
 .gnu.linkonce.t._ZNSbISaIcEE9push_backEc
                0x0000000000000000        0x0 build/home/mirmik/project/igris/igris/util/string.o (symbol from plugin)
 .gnu.linkonce.t._ZNSbISaIcEE6appendERKS0_
                0x0000000000000000        0x0 build/home/mirmik/project/igris/igris/util/string.o (symbol from plugin)
 .gnu.linkonce.t._ZNSbISaIcEE10invalidateEv
                0x0000000000000000        0x0 build/home/mirmik/project/igris/igris/util/string.o (symbol from plugin)
 .gnu.linkonce.t._ZNSbISaIcEE4copyEPKcj
                0x0000000000000000        0x0 build/home/mirmik/project/igris/igris/util/string.o (symbol from plugin)
 .gnu.linkonce.t._ZNSbISaIcEEC5EPKcj
                0x0000000000000000        0x0 build/home/mirmik/project/igris/igris/util/string.o (symbol from plugin)
 .gnu.linkonce.t._ZN5igris11constructorISbISaIcEEJRPciEEEvPT_DpOT0_
                0x0000000000000000        0x0 build/home/mirmik/project/igris/igris/util/string.o (symbol from plugin)
 .gnu.linkonce.t._ZNSbISaIcEEC5EPKc
                0x0000000000000000        0x0 build/home/mirmik/project/igris/igris/util/string.o (symbol from plugin)
 .gnu.linkonce.t._ZNSbISaIcEEaSERKS0_
                0x0000000000000000        0x0 build/home/mirmik/project/igris/igris/util/string.o (symbol from plugin)
 .gnu.linkonce.t._ZNSbISaIcEEC5ERKS0_
                0x0000000000000000        0x0 build/home/mirmik/project/igris/igris/util/string.o (symbol from plugin)
 .gnu.linkonce.t._ZNSt6vectorISbISaIcEESaIS1_EE12changeBufferEj
                0x0000000000000000        0x0 build/home/mirmik/project/igris/igris/util/string.o (symbol from plugin)
 .gnu.linkonce.t._ZNSt6vectorISbISaIcEESaIS1_EE7reserveEj
                0x0000000000000000        0x0 build/home/mirmik/project/igris/igris/util/string.o (symbol from plugin)
 .gnu.linkonce.t._ZNSt6vectorISbISaIcEESaIS1_EE12emplace_backIJRPciEEEvDpOT_
                0x0000000000000000        0x0 build/home/mirmik/project/igris/igris/util/string.o (symbol from plugin)
 .text          0x0000000000000000        0x0 build/home/mirmik/project/igris/igris/util/dstring.o (symbol from plugin)
 .text          0x0000000000000000        0x0 build/home/mirmik/project/igris/igris/util/stub.o (symbol from plugin)
 .text          0x0000000000000000        0x0 build/home/mirmik/project/igris/igris/util/bug_abort.o (symbol from plugin)
 .text          0x0000000000000000        0x0 build/home/mirmik/project/genos/src/diag/diag_impl.o (symbol from plugin)
 .text          0x0000000000000000        0x0 build/home/mirmik/project/genos/src/genos/sched.o (symbol from plugin)
 .gnu.linkonce.t._Z3dprIA9_cJiEEvRKT_DpRKT0_
                0x0000000000000000        0x0 build/home/mirmik/project/genos/src/genos/sched.o (symbol from plugin)
 .gnu.linkonce.t._Z5dprlnIJA9_ciEEvDpRKT_
                0x0000000000000000        0x0 build/home/mirmik/project/genos/src/genos/sched.o (symbol from plugin)
 .text          0x0000000000000000        0x0 build/home/mirmik/project/genos/src/genos/schedee.o (symbol from plugin)
 .text          0x0000000000000000        0x0 build/home/mirmik/project/genos/src/genos/apitime.o (symbol from plugin)
 .text          0x0000000000000000        0x0 build/home/mirmik/project/genos/src/genos/schedee/autom.o (symbol from plugin)
 .gnu.linkonce.t._ZN5genos18autom_schedee_base8finalizeEv
                0x0000000000000000        0x0 build/home/mirmik/project/genos/src/genos/schedee/autom.o (symbol from plugin)
 .gnu.linkonce.t._ZN5genos18autom_schedee_base14signal_handlerEi
                0x0000000000000000        0x0 build/home/mirmik/project/genos/src/genos/schedee/autom.o (symbol from plugin)
 .gnu.linkonce.t._ZTVN5genos13autom_schedeeE
                0x0000000000000000        0x0 build/home/mirmik/project/genos/src/genos/schedee/autom.o (symbol from plugin)
 .gnu.linkonce.t._ZTVN5genos18autom_schedee_baseE
                0x0000000000000000        0x0 build/home/mirmik/project/genos/src/genos/schedee/autom.o (symbol from plugin)
 .text          0x0000000000000000        0x0 build/home/mirmik/project/genos/src/genos/schedee/coop.o (symbol from plugin)
 .gnu.linkonce.t._ZN5genos7schedee14signal_handlerEi
                0x0000000000000000        0x0 build/home/mirmik/project/genos/src/genos/schedee/coop.o (symbol from plugin)
 .gnu.linkonce.t._ZTVN5genos11coopschedeeE
                0x0000000000000000        0x0 build/home/mirmik/project/genos/src/genos/schedee/coop.o (symbol from plugin)
 .text          0x0000000000000000        0x0 build/home/mirmik/project/genos/src/sched/posix/fcntl_mvfs.o (symbol from plugin)
 .text          0x0000000000000000        0x0 build/home/mirmik/project/genos/src/sched/posix/unistd_mvfs.o (symbol from plugin)
 .text          0x0000000000000000        0x0 build/home/mirmik/project/genos/src/genos/wait.o (symbol from plugin)
 .text          0x0000000000000000        0x0 build/home/mirmik/project/genos/src/genos/ktimer.o (symbol from plugin)
 .gnu.linkonce.t._Z3dprIlJlEEvRKT_DpRKT0_
                0x0000000000000000        0x0 build/home/mirmik/project/genos/src/genos/ktimer.o (symbol from plugin)
 .gnu.linkonce.t._Z3dprIA6_cJllEEvRKT_DpRKT0_
                0x0000000000000000        0x0 build/home/mirmik/project/genos/src/genos/ktimer.o (symbol from plugin)
 .gnu.linkonce.t._Z5dprlnIJA6_cllEEvDpRKT_
                0x0000000000000000        0x0 build/home/mirmik/project/genos/src/genos/ktimer.o (symbol from plugin)
 .text          0x0000000000000000        0x0 build/home/mirmik/project/genos/src/genos/fops.o (symbol from plugin)
 .gnu.linkonce.t._ZN5genos8resource7gettypeEv
                0x0000000000000000        0x0 build/home/mirmik/project/genos/src/genos/fops.o (symbol from plugin)
 .gnu.linkonce.t._ZN5genos4node5writeEPKvji
                0x0000000000000000        0x0 build/home/mirmik/project/genos/src/genos/fops.o (symbol from plugin)
 .gnu.linkonce.t._ZN5genos4node4readEPvji
                0x0000000000000000        0x0 build/home/mirmik/project/genos/src/genos/fops.o (symbol from plugin)
 .gnu.linkonce.t._ZN5genos4node7gettypeEv
                0x0000000000000000        0x0 build/home/mirmik/project/genos/src/genos/fops.o (symbol from plugin)
 .gnu.linkonce.t._ZN5genos9directory7gettypeEv
                0x0000000000000000        0x0 build/home/mirmik/project/genos/src/genos/fops.o (symbol from plugin)
 .text          0x0000000000000000        0x0 build/home/mirmik/project/genos/src/genos/resource.o (symbol from plugin)
 .gnu.linkonce.t._ZN5genos8resource4openEPNS_7openresE
                0x0000000000000000        0x0 build/home/mirmik/project/genos/src/genos/resource.o (symbol from plugin)
 .text          0x0000000000000000        0x0 build/home/mirmik/project/genos/src/genos/resmngr.o (symbol from plugin)
 .text          0x0000000000000000        0x0 build/home/mirmik/project/genos/src/genos/nav.o (symbol from plugin)
 .text          0x0000000000000000        0x0 build/home/mirmik/project/genos/src/genos/dev.o (symbol from plugin)
 .gnu.linkonce.t._ZN5genos8resource7releaseEv
                0x0000000000000000        0x0 build/home/mirmik/project/genos/src/genos/dev.o (symbol from plugin)
 .gnu.linkonce.t._ZN5genos8resource4openEPNS_7openresE
                0x0000000000000000        0x0 build/home/mirmik/project/genos/src/genos/dev.o (symbol from plugin)
 .gnu.linkonce.t._ZN5genos8resource7gettypeEv
                0x0000000000000000        0x0 build/home/mirmik/project/genos/src/genos/dev.o (symbol from plugin)
 .gnu.linkonce.t._ZN5genos9directory7iterateEPcjPNS_7openresE
                0x0000000000000000        0x0 build/home/mirmik/project/genos/src/genos/dev.o (symbol from plugin)
 .gnu.linkonce.t._ZN5genos9directory6mknodeEPKcPNS_7openresE
                0x0000000000000000        0x0 build/home/mirmik/project/genos/src/genos/dev.o (symbol from plugin)
 .gnu.linkonce.t._ZN5genos9directory6rmnodeEPKcPNS_7openresE
                0x0000000000000000        0x0 build/home/mirmik/project/genos/src/genos/dev.o (symbol from plugin)
 .gnu.linkonce.t._ZN5genos9directory7gettypeEv
                0x0000000000000000        0x0 build/home/mirmik/project/genos/src/genos/dev.o (symbol from plugin)
 .gnu.linkonce.t._ZN5genos15named_node_list7iterateEPcjPNS_7openresE
                0x0000000000000000        0x0 build/home/mirmik/project/genos/src/genos/dev.o (symbol from plugin)
 .gnu.linkonce.t._ZN5genos7resmngr5mkdirEPKc
                0x0000000000000000        0x0 build/home/mirmik/project/genos/src/genos/dev.o (symbol from plugin)
 .gnu.linkonce.t._ZN5genos7resmngr5rmdirEPKc
                0x0000000000000000        0x0 build/home/mirmik/project/genos/src/genos/dev.o (symbol from plugin)
 .gnu.linkonce.t._ZN5genos14device_manager4openEPKcPNS_7openresE
                0x0000000000000000        0x0 build/home/mirmik/project/genos/src/genos/dev.o (symbol from plugin)
 .gnu.linkonce.t._ZN5genos7resmngrC5EPKc
                0x0000000000000000        0x0 build/home/mirmik/project/genos/src/genos/dev.o (symbol from plugin)
 .gnu.linkonce.t._ZTVN5genos7resmngrE
                0x0000000000000000        0x0 build/home/mirmik/project/genos/src/genos/dev.o (symbol from plugin)
 .gnu.linkonce.t._ZN5genos15named_node_listC5Ev
                0x0000000000000000        0x0 build/home/mirmik/project/genos/src/genos/dev.o (symbol from plugin)
 .gnu.linkonce.t._ZTVN5genos8resourceE
                0x0000000000000000        0x0 build/home/mirmik/project/genos/src/genos/dev.o (symbol from plugin)
 .gnu.linkonce.t._ZTVN5genos9directoryE
                0x0000000000000000        0x0 build/home/mirmik/project/genos/src/genos/dev.o (symbol from plugin)
 .gnu.linkonce.t._ZTVN5genos15named_node_listE
                0x0000000000000000        0x0 build/home/mirmik/project/genos/src/genos/dev.o (symbol from plugin)
 .gnu.linkonce.t._ZN5genos14device_managerC5Ev
                0x0000000000000000        0x0 build/home/mirmik/project/genos/src/genos/dev.o (symbol from plugin)
 .gnu.linkonce.t._ZTVN5genos14device_managerE
                0x0000000000000000        0x0 build/home/mirmik/project/genos/src/genos/dev.o (symbol from plugin)
 .text          0x0000000000000000        0x0 build/home/mirmik/project/genos/src/genos/errno.o (symbol from plugin)
 .text          0x0000000000000000        0x0 build/home/mirmik/project/igris/compat/cxx/__cxa_pure_virtual.o (symbol from plugin)
 .text          0x0000000000000000        0x0 build/home/mirmik/project/genos/arch/avr/src/diag.o (symbol from plugin)
 .text          0x0000000000000000        0x0 build/home/mirmik/project/genos/src/hal/irqtable.o (symbol from plugin)
 .gnu.linkonce.t._Z5dprlnIJjEEvDpRKT_
                0x0000000000000000        0x0 build/home/mirmik/project/genos/src/hal/irqtable.o (symbol from plugin)
 .gnu.linkonce.t._Z5dprlnIJA10_cEEvDpRKT_
                0x0000000000000000        0x0 build/home/mirmik/project/genos/src/hal/irqtable.o (symbol from plugin)
 .gnu.linkonce.t._Z5dprlnIJVjEEvDpRKT_
                0x0000000000000000        0x0 build/home/mirmik/project/genos/src/hal/irqtable.o (symbol from plugin)
 .text          0x0000000000000000        0x0 build/home/mirmik/project/genos/src/systime/systime.o (symbol from plugin)
 .text          0x0000000000000000        0x0 build/home/mirmik/project/genos/src/drivers/serial/uartring.o (symbol from plugin)
 .gnu.linkonce.t._ZN5genos4node7gettypeEv
                0x0000000000000000        0x0 build/home/mirmik/project/genos/src/drivers/serial/uartring.o (symbol from plugin)
 .gnu.linkonce.t._Z5dprlnIJA22_cEEvDpRKT_
                0x0000000000000000        0x0 build/home/mirmik/project/genos/src/drivers/serial/uartring.o (symbol from plugin)
 .gnu.linkonce.t._Z3dprIA6_cJiEEvRKT_DpRKT0_
                0x0000000000000000        0x0 build/home/mirmik/project/genos/src/drivers/serial/uartring.o (symbol from plugin)
 .gnu.linkonce.t._Z5dprlnIJA6_ciEEvDpRKT_
                0x0000000000000000        0x0 build/home/mirmik/project/genos/src/drivers/serial/uartring.o (symbol from plugin)
 .gnu.linkonce.t._ZTV15uartring_device
                0x0000000000000000        0x0 build/home/mirmik/project/genos/src/drivers/serial/uartring.o (symbol from plugin)
 .text          0x0000000000000000        0x0 build/home/mirmik/project/genos/src/drivers/spi/avr_spi.o (symbol from plugin)
 .text          0x0000000000000000        0x0 build/home/mirmik/project/genos/src/drivers/serial/avr_usart.o (symbol from plugin)
 .gnu.linkonce.t._ZTV16avr_usart_device
                0x0000000000000000        0x0 build/home/mirmik/project/genos/src/drivers/serial/avr_usart.o (symbol from plugin)
 .text          0x0000000000000000        0x0 build/home/mirmik/project/genos/src/drivers/timer/avr_timer.o (symbol from plugin)
 .gnu.linkonce.t._ZN5genos3avr5timerIjP12timer16_regsE11set_dividerEj
                0x0000000000000000        0x0 build/home/mirmik/project/genos/src/drivers/timer/avr_timer.o (symbol from plugin)
 .gnu.linkonce.t._ZN5genos3avr5timerIjP12timer16_regsE11set_divcodeEh
                0x0000000000000000        0x0 build/home/mirmik/project/genos/src/drivers/timer/avr_timer.o (symbol from plugin)
 .gnu.linkonce.t._ZN5genos3avr5timerIjP12timer16_regsE14irq_ovf_enableEb
                0x0000000000000000        0x0 build/home/mirmik/project/genos/src/drivers/timer/avr_timer.o (symbol from plugin)
 .gnu.linkonce.t._ZN5genos3avr5timerIjP12timer16_regsE4typeEv
                0x0000000000000000        0x0 build/home/mirmik/project/genos/src/drivers/timer/avr_timer.o (symbol from plugin)
 .gnu.linkonce.t._ZN5genos3avr5timerIjP12timer16_regsE7value16Ev
                0x0000000000000000        0x0 build/home/mirmik/project/genos/src/drivers/timer/avr_timer.o (symbol from plugin)
 .gnu.linkonce.t._ZN5genos3avr5timerIhP11timer8_regsE11set_dividerEj
                0x0000000000000000        0x0 build/home/mirmik/project/genos/src/drivers/timer/avr_timer.o (symbol from plugin)
 .gnu.linkonce.t._ZN5genos3avr5timerIhP11timer8_regsE11set_divcodeEh
                0x0000000000000000        0x0 build/home/mirmik/project/genos/src/drivers/timer/avr_timer.o (symbol from plugin)
 .gnu.linkonce.t._ZN5genos3avr5timerIhP11timer8_regsE14irq_ovf_enableEb
                0x0000000000000000        0x0 build/home/mirmik/project/genos/src/drivers/timer/avr_timer.o (symbol from plugin)
 .gnu.linkonce.t._ZN5genos3avr5timerIhP11timer8_regsE4typeEv
                0x0000000000000000        0x0 build/home/mirmik/project/genos/src/drivers/timer/avr_timer.o (symbol from plugin)
 .gnu.linkonce.t._ZN5genos3avr5timerIhP11timer8_regsE7value16Ev
                0x0000000000000000        0x0 build/home/mirmik/project/genos/src/drivers/timer/avr_timer.o (symbol from plugin)
 .gnu.linkonce.t._ZN5genos3avr5timerIjP12timer16_regsE15set_ovf_handlerEPFvPvES5_
                0x0000000000000000        0x0 build/home/mirmik/project/genos/src/drivers/timer/avr_timer.o (symbol from plugin)
 .gnu.linkonce.t._ZN5genos3avr5timerIhP11timer8_regsE15set_ovf_handlerEPFvPvES5_
                0x0000000000000000        0x0 build/home/mirmik/project/genos/src/drivers/timer/avr_timer.o (symbol from plugin)
 .gnu.linkonce.t._ZN5genos3avr6timer8C5EP11timer8_regsNS0_10timer_irqsEPVh
                0x0000000000000000        0x0 build/home/mirmik/project/genos/src/drivers/timer/avr_timer.o (symbol from plugin)
 .gnu.linkonce.t._ZTVN5genos3avr10timer_baseE
                0x0000000000000000        0x0 build/home/mirmik/project/genos/src/drivers/timer/avr_timer.o (symbol from plugin)
 .gnu.linkonce.t._ZTVN5genos3avr5timerIhP11timer8_regsEE
                0x0000000000000000        0x0 build/home/mirmik/project/genos/src/drivers/timer/avr_timer.o (symbol from plugin)
 .gnu.linkonce.t._ZTVN5genos3avr6timer8E
                0x0000000000000000        0x0 build/home/mirmik/project/genos/src/drivers/timer/avr_timer.o (symbol from plugin)
 .gnu.linkonce.t._ZN5genos3avr7timer16C5EP12timer16_regsNS0_10timer_irqsEPVh
                0x0000000000000000        0x0 build/home/mirmik/project/genos/src/drivers/timer/avr_timer.o (symbol from plugin)
 .gnu.linkonce.t._ZTVN5genos3avr5timerIjP12timer16_regsEE
                0x0000000000000000        0x0 build/home/mirmik/project/genos/src/drivers/timer/avr_timer.o (symbol from plugin)
 .gnu.linkonce.t._ZTVN5genos3avr7timer16E
                0x0000000000000000        0x0 build/home/mirmik/project/genos/src/drivers/timer/avr_timer.o (symbol from plugin)
 .text          0x0000000000000000        0x0 build/home/mirmik/project/genos/src/drivers/gpio/avr_gpio.o (symbol from plugin)
 .text          0x0000000000000000        0x0 build/home/mirmik/project/igris/compat/libc/stdlib/atol.o (symbol from plugin)
 .text          0x0000000000000000        0x0 build/home/mirmik/project/igris/compat/libc/stdlib/qsort.o (symbol from plugin)
 .text          0x0000000000000000        0x0 build/home/mirmik/project/igris/compat/libc/stdlib/strtoll.o (symbol from plugin)
 .text          0x0000000000000000        0x0 build/home/mirmik/project/igris/compat/libc/stdlib/getpagesize.o (symbol from plugin)
 .text          0x0000000000000000        0x0 build/home/mirmik/project/igris/compat/libc/stdlib/bsearch.o (symbol from plugin)
 .text          0x0000000000000000        0x0 build/home/mirmik/project/igris/compat/libc/stdlib/abort.o (symbol from plugin)
 .text          0x0000000000000000        0x0 build/home/mirmik/project/igris/compat/libc/stdlib/strtol.o (symbol from plugin)
 .text          0x0000000000000000        0x0 build/home/mirmik/project/igris/compat/libc/stdlib/random.o (symbol from plugin)
 .text          0x0000000000000000        0x0 build/home/mirmik/project/igris/compat/libc/stdlib/strtoul.o (symbol from plugin)
 .text          0x0000000000000000        0x0 build/home/mirmik/project/igris/compat/libc/stdlib/sysconf.o (symbol from plugin)
 .text          0x0000000000000000        0x0 build/home/mirmik/project/igris/compat/libc/stdlib/strtoull.o (symbol from plugin)
 .text          0x0000000000000000        0x0 build/home/mirmik/project/igris/compat/libc/stdlib/rand.o (symbol from plugin)
 .text          0x0000000000000000        0x0 build/home/mirmik/project/igris/compat/libc/stdlib/strtod.o (symbol from plugin)
 .text          0x0000000000000000        0x0 build/home/mirmik/project/igris/compat/libc/stdlib/itoa.o (symbol from plugin)
 .text          0x0000000000000000        0x0 build/home/mirmik/project/igris/compat/libc/stdlib/random_r.o (symbol from plugin)
 .text          0x0000000000000000        0x0 build/home/mirmik/project/igris/compat/libc/stdlib/system.o (symbol from plugin)
 .text          0x0000000000000000        0x0 build/home/mirmik/project/igris/compat/libc/string/strlcpy.o (symbol from plugin)
 .text          0x0000000000000000        0x0 build/home/mirmik/project/igris/compat/libc/string/strcasecmp.o (symbol from plugin)
 .text          0x0000000000000000        0x0 build/home/mirmik/project/igris/compat/libc/string/memmove.o (symbol from plugin)
 .text          0x0000000000000000        0x0 build/home/mirmik/project/igris/compat/libc/string/strlen.o (symbol from plugin)
 .text          0x0000000000000000        0x0 build/home/mirmik/project/igris/compat/libc/string/memchr.o (symbol from plugin)
 .text          0x0000000000000000        0x0 build/home/mirmik/project/igris/compat/libc/string/strlwr.o (symbol from plugin)
 .text          0x0000000000000000        0x0 build/home/mirmik/project/igris/compat/libc/string/strpbrk.o (symbol from plugin)
 .text          0x0000000000000000        0x0 build/home/mirmik/project/igris/compat/libc/string/strcasestr.o (symbol from plugin)
 .text          0x0000000000000000        0x0 build/home/mirmik/project/igris/compat/libc/string/strncat.o (symbol from plugin)
 .text          0x0000000000000000        0x0 build/home/mirmik/project/igris/compat/libc/string/strspn.o (symbol from plugin)
 .text          0x0000000000000000        0x0 build/home/mirmik/project/igris/compat/libc/string/strnlen.o (symbol from plugin)
 .text          0x0000000000000000        0x0 build/home/mirmik/project/igris/compat/libc/string/strcspn.o (symbol from plugin)
 .text          0x0000000000000000        0x0 build/home/mirmik/project/igris/compat/libc/string/memcpy.o (symbol from plugin)
 .text          0x0000000000000000        0x0 build/home/mirmik/project/igris/compat/libc/string/strncasecmp.o (symbol from plugin)
 .text          0x0000000000000000        0x0 build/home/mirmik/project/igris/compat/libc/string/strupr.o (symbol from plugin)
 .text          0x0000000000000000        0x0 build/home/mirmik/project/igris/compat/libc/string/strchrnul.o (symbol from plugin)
 .text          0x0000000000000000        0x0 build/home/mirmik/project/igris/compat/libc/string/strncmp.o (symbol from plugin)
 .text          0x0000000000000000        0x0 build/home/mirmik/project/igris/compat/libc/string/memset.o (symbol from plugin)
 .text          0x0000000000000000        0x0 build/home/mirmik/project/igris/compat/libc/string/strstr.o (symbol from plugin)
 .text          0x0000000000000000        0x0 build/home/mirmik/project/igris/compat/libc/string/memrchr.o (symbol from plugin)
 .text          0x0000000000000000        0x0 build/home/mirmik/project/igris/compat/libc/string/strrchr.o (symbol from plugin)
 .text          0x0000000000000000        0x0 build/home/mirmik/project/igris/compat/libc/string/strcmp.o (symbol from plugin)
 .text          0x0000000000000000        0x0 build/home/mirmik/project/igris/compat/libc/string/strcpy.o (symbol from plugin)
 .text          0x0000000000000000        0x0 build/home/mirmik/project/igris/compat/libc/string/strdup.o (symbol from plugin)
 .text          0x0000000000000000        0x0 build/home/mirmik/project/igris/compat/libc/string/strncpy.o (symbol from plugin)
 .text          0x0000000000000000        0x0 build/home/mirmik/project/igris/compat/libc/string/strtok.o (symbol from plugin)
 .text          0x0000000000000000        0x0 build/home/mirmik/project/igris/compat/libc/string/strndup.o (symbol from plugin)
 .text          0x0000000000000000        0x0 build/home/mirmik/project/igris/compat/libc/string/strchr.o (symbol from plugin)
 .text          0x0000000000000000        0x0 build/home/mirmik/project/igris/compat/libc/string/strcat.o (symbol from plugin)
 .text          0x0000000000000000        0x0 build/home/mirmik/project/igris/compat/libc/string/memcmp.o (symbol from plugin)
 .text          0x0000000000000000        0x0 build/home/mirmik/project/igris/compat/libc/ctype/ctype.o (symbol from plugin)
 .text          0x0000000000000000        0x0 build/home/mirmik/project/igris/compat/libc/stdio/fdprintf.o (symbol from plugin)
 .text          0x0000000000000000        0x0 build/home/mirmik/project/igris/compat/libc/stdio/puts.o (symbol from plugin)
 .text          0x0000000000000000        0x0 build/home/mirmik/project/igris/compat/libc/stdio/perror.o (symbol from plugin)
 .text          0x0000000000000000        0x0 build/home/mirmik/project/igris/compat/libc/stdio/fdputc.o (symbol from plugin)
 .text          0x0000000000000000        0x0 build/home/mirmik/project/igris/compat/libc/stdio/printf.o (symbol from plugin)
 .text          0x0000000000000000        0x0 build/home/mirmik/project/igris/compat/libc/math/math_builtins.o (symbol from plugin)
 .text          0x0000000000000000        0x0 /usr/lib/gcc/avr/5.4.0/avr5/libgcc.a(_divmodsi4.o)
 .bss           0x0000000000000000        0x0 /usr/lib/gcc/avr/5.4.0/avr5/libgcc.a(_divmodsi4.o)
 .text.libgcc.mul
                0x0000000000000000        0x0 /usr/lib/gcc/avr/5.4.0/avr5/libgcc.a(_divmodsi4.o)
 .text.libgcc.div
                0x0000000000000000       0x2e /usr/lib/gcc/avr/5.4.0/avr5/libgcc.a(_divmodsi4.o)
 .text.libgcc   0x0000000000000000        0x0 /usr/lib/gcc/avr/5.4.0/avr5/libgcc.a(_divmodsi4.o)
 .text.libgcc.prologue
                0x0000000000000000        0x0 /usr/lib/gcc/avr/5.4.0/avr5/libgcc.a(_divmodsi4.o)
 .text.libgcc.builtins
                0x0000000000000000        0x0 /usr/lib/gcc/avr/5.4.0/avr5/libgcc.a(_divmodsi4.o)
 .text.libgcc.fmul
                0x0000000000000000        0x0 /usr/lib/gcc/avr/5.4.0/avr5/libgcc.a(_divmodsi4.o)
 .text.libgcc.fixed
                0x0000000000000000        0x0 /usr/lib/gcc/avr/5.4.0/avr5/libgcc.a(_divmodsi4.o)
 .text          0x0000000000000000        0x0 /usr/lib/gcc/avr/5.4.0/avr5/libgcc.a(_negsi2.o)
 .bss           0x0000000000000000        0x0 /usr/lib/gcc/avr/5.4.0/avr5/libgcc.a(_negsi2.o)
 .text.libgcc.mul
                0x0000000000000000        0x0 /usr/lib/gcc/avr/5.4.0/avr5/libgcc.a(_negsi2.o)
 .text.libgcc.div
                0x0000000000000000       0x10 /usr/lib/gcc/avr/5.4.0/avr5/libgcc.a(_negsi2.o)
 .text.libgcc   0x0000000000000000        0x0 /usr/lib/gcc/avr/5.4.0/avr5/libgcc.a(_negsi2.o)
 .text.libgcc.prologue
                0x0000000000000000        0x0 /usr/lib/gcc/avr/5.4.0/avr5/libgcc.a(_negsi2.o)
 .text.libgcc.builtins
                0x0000000000000000        0x0 /usr/lib/gcc/avr/5.4.0/avr5/libgcc.a(_negsi2.o)
 .text.libgcc.fmul
                0x0000000000000000        0x0 /usr/lib/gcc/avr/5.4.0/avr5/libgcc.a(_negsi2.o)
 .text.libgcc.fixed
                0x0000000000000000        0x0 /usr/lib/gcc/avr/5.4.0/avr5/libgcc.a(_negsi2.o)
 .text          0x0000000000000000        0x0 /usr/lib/gcc/avr/5.4.0/avr5/libgcc.a(_ctors.o)
 .bss           0x0000000000000000        0x0 /usr/lib/gcc/avr/5.4.0/avr5/libgcc.a(_ctors.o)
 .text.libgcc.mul
                0x0000000000000000        0x0 /usr/lib/gcc/avr/5.4.0/avr5/libgcc.a(_ctors.o)
 .text.libgcc.div
                0x0000000000000000        0x0 /usr/lib/gcc/avr/5.4.0/avr5/libgcc.a(_ctors.o)
 .text.libgcc   0x0000000000000000        0x0 /usr/lib/gcc/avr/5.4.0/avr5/libgcc.a(_ctors.o)
 .text.libgcc.prologue
                0x0000000000000000        0x0 /usr/lib/gcc/avr/5.4.0/avr5/libgcc.a(_ctors.o)
 .init6         0x0000000000000000       0x16 /usr/lib/gcc/avr/5.4.0/avr5/libgcc.a(_ctors.o)
 .text.libgcc.builtins
                0x0000000000000000        0x0 /usr/lib/gcc/avr/5.4.0/avr5/libgcc.a(_ctors.o)
 .text.libgcc.fmul
                0x0000000000000000        0x0 /usr/lib/gcc/avr/5.4.0/avr5/libgcc.a(_ctors.o)
 .text.libgcc.fixed
                0x0000000000000000        0x0 /usr/lib/gcc/avr/5.4.0/avr5/libgcc.a(_ctors.o)
 .text          0x0000000000000000        0x0 /usr/lib/gcc/avr/5.4.0/avr5/libgcc.a(_udivdi3.o)
 .bss           0x0000000000000000        0x0 /usr/lib/gcc/avr/5.4.0/avr5/libgcc.a(_udivdi3.o)
 .text.libgcc.mul
                0x0000000000000000        0x0 /usr/lib/gcc/avr/5.4.0/avr5/libgcc.a(_udivdi3.o)
 .text.libgcc   0x0000000000000000        0x0 /usr/lib/gcc/avr/5.4.0/avr5/libgcc.a(_udivdi3.o)
 .text.libgcc.prologue
                0x0000000000000000        0x0 /usr/lib/gcc/avr/5.4.0/avr5/libgcc.a(_udivdi3.o)
 .text.libgcc.builtins
                0x0000000000000000        0x0 /usr/lib/gcc/avr/5.4.0/avr5/libgcc.a(_udivdi3.o)
 .text.libgcc.fmul
                0x0000000000000000        0x0 /usr/lib/gcc/avr/5.4.0/avr5/libgcc.a(_udivdi3.o)
 .text.libgcc.fixed
                0x0000000000000000        0x0 /usr/lib/gcc/avr/5.4.0/avr5/libgcc.a(_udivdi3.o)
 .text          0x0000000000000000        0x0 /usr/lib/gcc/avr/5.4.0/avr5/libgcc.a(_udivmod64.o)
 .bss           0x0000000000000000        0x0 /usr/lib/gcc/avr/5.4.0/avr5/libgcc.a(_udivmod64.o)
 .text.libgcc.mul
                0x0000000000000000        0x0 /usr/lib/gcc/avr/5.4.0/avr5/libgcc.a(_udivmod64.o)
 .text.libgcc   0x0000000000000000        0x0 /usr/lib/gcc/avr/5.4.0/avr5/libgcc.a(_udivmod64.o)
 .text.libgcc.prologue
                0x0000000000000000        0x0 /usr/lib/gcc/avr/5.4.0/avr5/libgcc.a(_udivmod64.o)
 .text.libgcc.builtins
                0x0000000000000000        0x0 /usr/lib/gcc/avr/5.4.0/avr5/libgcc.a(_udivmod64.o)
 .text.libgcc.fmul
                0x0000000000000000        0x0 /usr/lib/gcc/avr/5.4.0/avr5/libgcc.a(_udivmod64.o)
 .text.libgcc.fixed
                0x0000000000000000        0x0 /usr/lib/gcc/avr/5.4.0/avr5/libgcc.a(_udivmod64.o)
 .text          0x0000000000000000        0x0 /usr/lib/gcc/avr/5.4.0/avr5/libgcc.a(_adddi3_s8.o)
 .bss           0x0000000000000000        0x0 /usr/lib/gcc/avr/5.4.0/avr5/libgcc.a(_adddi3_s8.o)
 .text.libgcc.mul
                0x0000000000000000        0x0 /usr/lib/gcc/avr/5.4.0/avr5/libgcc.a(_adddi3_s8.o)
 .text.libgcc.div
                0x0000000000000000        0x0 /usr/lib/gcc/avr/5.4.0/avr5/libgcc.a(_adddi3_s8.o)
 .text.libgcc.prologue
                0x0000000000000000        0x0 /usr/lib/gcc/avr/5.4.0/avr5/libgcc.a(_adddi3_s8.o)
 .text.libgcc.builtins
                0x0000000000000000        0x0 /usr/lib/gcc/avr/5.4.0/avr5/libgcc.a(_adddi3_s8.o)
 .text.libgcc.fmul
                0x0000000000000000        0x0 /usr/lib/gcc/avr/5.4.0/avr5/libgcc.a(_adddi3_s8.o)
 .text.libgcc.fixed
                0x0000000000000000        0x0 /usr/lib/gcc/avr/5.4.0/avr5/libgcc.a(_adddi3_s8.o)
 .text          0x0000000000000000        0x0 /usr/lib/gcc/avr/5.4.0/avr5/libgcc.a(_cmpdi2_s8.o)
 .bss           0x0000000000000000        0x0 /usr/lib/gcc/avr/5.4.0/avr5/libgcc.a(_cmpdi2_s8.o)
 .text.libgcc.mul
                0x0000000000000000        0x0 /usr/lib/gcc/avr/5.4.0/avr5/libgcc.a(_cmpdi2_s8.o)
 .text.libgcc.div
                0x0000000000000000        0x0 /usr/lib/gcc/avr/5.4.0/avr5/libgcc.a(_cmpdi2_s8.o)
 .text.libgcc.prologue
                0x0000000000000000        0x0 /usr/lib/gcc/avr/5.4.0/avr5/libgcc.a(_cmpdi2_s8.o)
 .text.libgcc.builtins
                0x0000000000000000        0x0 /usr/lib/gcc/avr/5.4.0/avr5/libgcc.a(_cmpdi2_s8.o)
 .text.libgcc.fmul
                0x0000000000000000        0x0 /usr/lib/gcc/avr/5.4.0/avr5/libgcc.a(_cmpdi2_s8.o)
 .text.libgcc.fixed
                0x0000000000000000        0x0 /usr/lib/gcc/avr/5.4.0/avr5/libgcc.a(_cmpdi2_s8.o)
 .text          0x0000000000000000        0x0 /usr/lib/gcc/avr/5.4.0/avr5/libgcc.a(_udivmodsi4.o)
 .bss           0x0000000000000000        0x0 /usr/lib/gcc/avr/5.4.0/avr5/libgcc.a(_udivmodsi4.o)
 .text.libgcc.mul
                0x0000000000000000        0x0 /usr/lib/gcc/avr/5.4.0/avr5/libgcc.a(_udivmodsi4.o)
 .text.libgcc.div
                0x0000000000000000       0x44 /usr/lib/gcc/avr/5.4.0/avr5/libgcc.a(_udivmodsi4.o)
 .text.libgcc   0x0000000000000000        0x0 /usr/lib/gcc/avr/5.4.0/avr5/libgcc.a(_udivmodsi4.o)
 .text.libgcc.prologue
                0x0000000000000000        0x0 /usr/lib/gcc/avr/5.4.0/avr5/libgcc.a(_udivmodsi4.o)
 .text.libgcc.builtins
                0x0000000000000000        0x0 /usr/lib/gcc/avr/5.4.0/avr5/libgcc.a(_udivmodsi4.o)
 .text.libgcc.fmul
                0x0000000000000000        0x0 /usr/lib/gcc/avr/5.4.0/avr5/libgcc.a(_udivmodsi4.o)
 .text.libgcc.fixed
                0x0000000000000000        0x0 /usr/lib/gcc/avr/5.4.0/avr5/libgcc.a(_udivmodsi4.o)
 .text          0x0000000000000000        0x0 /usr/lib/gcc/avr/5.4.0/avr5/libgcc.a(_tablejump2.o)
 .bss           0x0000000000000000        0x0 /usr/lib/gcc/avr/5.4.0/avr5/libgcc.a(_tablejump2.o)
 .text.libgcc.mul
                0x0000000000000000        0x0 /usr/lib/gcc/avr/5.4.0/avr5/libgcc.a(_tablejump2.o)
 .text.libgcc.div
                0x0000000000000000        0x0 /usr/lib/gcc/avr/5.4.0/avr5/libgcc.a(_tablejump2.o)
 .text.libgcc   0x0000000000000000        0xc /usr/lib/gcc/avr/5.4.0/avr5/libgcc.a(_tablejump2.o)
 .text.libgcc.prologue
                0x0000000000000000        0x0 /usr/lib/gcc/avr/5.4.0/avr5/libgcc.a(_tablejump2.o)
 .text.libgcc.builtins
                0x0000000000000000        0x0 /usr/lib/gcc/avr/5.4.0/avr5/libgcc.a(_tablejump2.o)
 .text.libgcc.fmul
                0x0000000000000000        0x0 /usr/lib/gcc/avr/5.4.0/avr5/libgcc.a(_tablejump2.o)
 .text.libgcc.fixed
                0x0000000000000000        0x0 /usr/lib/gcc/avr/5.4.0/avr5/libgcc.a(_tablejump2.o)

Memory Configuration

Name             Origin             Length             Attributes
flash            0x0000000000000000 0x0000000000020000 xr
sram             0x0000000000800060 0x000000000000ffa0 rw !x
eeprom           0x0000000000810000 0x0000000000010000 rw !x
fuse             0x0000000000820000 0x0000000000000400 rw !x
lock             0x0000000000830000 0x0000000000000400 rw !x
signature        0x0000000000840000 0x0000000000000400 rw !x
user_signatures  0x0000000000850000 0x0000000000000400 rw !x
*default*        0x0000000000000000 0xffffffffffffffff

Linker script and memory map

Address of section .data set to 0x800100
START GROUP
LOAD build/main.o
LOAD /tmp/ccH0MKLy.ltrans0.ltrans.o
LOAD build/home/mirmik/project/genos/board/arduino/board.o
LOAD build/home/mirmik/project/genos/src/diag/dprint_diag.o
LOAD build/home/mirmik/project/igris/igris/dprint/dprint_func_impl.o
LOAD build/home/mirmik/project/igris/igris/dprint/dprintxx.o
LOAD build/home/mirmik/project/igris/igris/sync/syslock_genos_atomic.o
LOAD build/home/mirmik/project/genos/arch/avr/src/start.o
LOAD build/home/mirmik/project/genos/arch/avr/src/vectors.o
LOAD build/home/mirmik/project/genos/arch/avr/src/irqcall.o
LOAD build/home/mirmik/project/genos/arch/avr/src/switch_context.o
LOAD build/home/mirmik/project/genos/arch/avr/src/context.o
LOAD build/home/mirmik/project/genos/arch/avr/src/end_of_programm.o
LOAD build/home/mirmik/project/genos/arch/avr/src/arch.o
LOAD build/home/mirmik/project/genos/arch/avr/src/periph/timer.o
LOAD build/home/mirmik/project/genos/arch/avr/src/debug_blink.o
LOAD build/home/mirmik/project/igris/igris/util/numconvert.o
LOAD build/home/mirmik/project/igris/igris/util/hexascii.o
LOAD build/home/mirmik/project/igris/igris/util/string.o
LOAD build/home/mirmik/project/igris/igris/util/dstring.o
LOAD build/home/mirmik/project/igris/igris/util/stub.o
LOAD build/home/mirmik/project/igris/igris/util/bug_abort.o
LOAD build/home/mirmik/project/genos/src/diag/diag_impl.o
LOAD build/home/mirmik/project/genos/src/genos/sched.o
LOAD build/home/mirmik/project/genos/src/genos/schedee.o
LOAD build/home/mirmik/project/genos/src/genos/apitime.o
LOAD build/home/mirmik/project/genos/src/genos/schedee/autom.o
LOAD build/home/mirmik/project/genos/src/genos/schedee/coop.o
LOAD build/home/mirmik/project/genos/src/sched/posix/fcntl_mvfs.o
LOAD build/home/mirmik/project/genos/src/sched/posix/unistd_mvfs.o
LOAD build/home/mirmik/project/genos/src/genos/wait.o
LOAD build/home/mirmik/project/genos/src/genos/ktimer.o
LOAD build/home/mirmik/project/genos/src/genos/fops.o
LOAD build/home/mirmik/project/genos/src/genos/resource.o
LOAD build/home/mirmik/project/genos/src/genos/resmngr.o
LOAD build/home/mirmik/project/genos/src/genos/nav.o
LOAD build/home/mirmik/project/genos/src/genos/dev.o
LOAD build/home/mirmik/project/genos/src/genos/errno.o
LOAD build/home/mirmik/project/igris/compat/cxx/__cxa_pure_virtual.o
LOAD build/home/mirmik/project/genos/arch/avr/src/diag.o
LOAD build/home/mirmik/project/genos/src/hal/irqtable.o
LOAD build/home/mirmik/project/genos/src/systime/systime.o
LOAD build/home/mirmik/project/genos/src/drivers/serial/uartring.o
LOAD build/home/mirmik/project/genos/src/drivers/spi/avr_spi.o
LOAD build/home/mirmik/project/genos/src/drivers/serial/avr_usart.o
LOAD build/home/mirmik/project/genos/src/drivers/timer/avr_timer.o
LOAD build/home/mirmik/project/genos/src/drivers/gpio/avr_gpio.o
LOAD build/home/mirmik/project/igris/compat/libc/stdlib/atol.o
LOAD build/home/mirmik/project/igris/compat/libc/stdlib/qsort.o
LOAD build/home/mirmik/project/igris/compat/libc/stdlib/strtoll.o
LOAD build/home/mirmik/project/igris/compat/libc/stdlib/getpagesize.o
LOAD build/home/mirmik/project/igris/compat/libc/stdlib/bsearch.o
LOAD build/home/mirmik/project/igris/compat/libc/stdlib/abort.o
LOAD build/home/mirmik/project/igris/compat/libc/stdlib/strtol.o
LOAD build/home/mirmik/project/igris/compat/libc/stdlib/random.o
LOAD build/home/mirmik/project/igris/compat/libc/stdlib/strtoul.o
LOAD build/home/mirmik/project/igris/compat/libc/stdlib/sysconf.o
LOAD build/home/mirmik/project/igris/compat/libc/stdlib/strtoull.o
LOAD build/home/mirmik/project/igris/compat/libc/stdlib/rand.o
LOAD build/home/mirmik/project/igris/compat/libc/stdlib/strtod.o
LOAD build/home/mirmik/project/igris/compat/libc/stdlib/itoa.o
LOAD build/home/mirmik/project/igris/compat/libc/stdlib/random_r.o
LOAD build/home/mirmik/project/igris/compat/libc/stdlib/system.o
LOAD build/home/mirmik/project/igris/compat/libc/string/strlcpy.o
LOAD build/home/mirmik/project/igris/compat/libc/string/strcasecmp.o
LOAD build/home/mirmik/project/igris/compat/libc/string/memmove.o
LOAD build/home/mirmik/project/igris/compat/libc/string/strlen.o
LOAD build/home/mirmik/project/igris/compat/libc/string/memchr.o
LOAD build/home/mirmik/project/igris/compat/libc/string/strlwr.o
LOAD build/home/mirmik/project/igris/compat/libc/string/strpbrk.o
LOAD build/home/mirmik/project/igris/compat/libc/string/strcasestr.o
LOAD build/home/mirmik/project/igris/compat/libc/string/strncat.o
LOAD build/home/mirmik/project/igris/compat/libc/string/strspn.o
LOAD build/home/mirmik/project/igris/compat/libc/string/strnlen.o
LOAD build/home/mirmik/project/igris/compat/libc/string/strcspn.o
LOAD build/home/mirmik/project/igris/compat/libc/string/memcpy.o
LOAD build/home/mirmik/project/igris/compat/libc/string/strncasecmp.o
LOAD build/home/mirmik/project/igris/compat/libc/string/strupr.o
LOAD build/home/mirmik/project/igris/compat/libc/string/strchrnul.o
LOAD build/home/mirmik/project/igris/compat/libc/string/strncmp.o
LOAD build/home/mirmik/project/igris/compat/libc/string/memset.o
LOAD build/home/mirmik/project/igris/compat/libc/string/strstr.o
LOAD build/home/mirmik/project/igris/compat/libc/string/memrchr.o
LOAD build/home/mirmik/project/igris/compat/libc/string/strrchr.o
LOAD build/home/mirmik/project/igris/compat/libc/string/strcmp.o
LOAD build/home/mirmik/project/igris/compat/libc/string/strcpy.o
LOAD build/home/mirmik/project/igris/compat/libc/string/strdup.o
LOAD build/home/mirmik/project/igris/compat/libc/string/strncpy.o
LOAD build/home/mirmik/project/igris/compat/libc/string/strtok.o
LOAD build/home/mirmik/project/igris/compat/libc/string/strndup.o
LOAD build/home/mirmik/project/igris/compat/libc/string/strchr.o
LOAD build/home/mirmik/project/igris/compat/libc/string/strcat.o
LOAD build/home/mirmik/project/igris/compat/libc/string/memcmp.o
LOAD build/home/mirmik/project/igris/compat/libc/ctype/ctype.o
LOAD build/home/mirmik/project/igris/compat/libc/stdio/fdprintf.o
LOAD build/home/mirmik/project/igris/compat/libc/stdio/puts.o
LOAD build/home/mirmik/project/igris/compat/libc/stdio/perror.o
LOAD build/home/mirmik/project/igris/compat/libc/stdio/fdputc.o
LOAD build/home/mirmik/project/igris/compat/libc/stdio/printf.o
LOAD build/home/mirmik/project/igris/compat/libc/math/math_builtins.o
LOAD /usr/lib/gcc/avr/5.4.0/../../../avr/lib/avr5/libm.a
LOAD /usr/lib/gcc/avr/5.4.0/avr5/libgcc.a
END GROUP
                0x0000000000020000                __TEXT_REGION_LENGTH__ = DEFINED (__TEXT_REGION_LENGTH__)?__TEXT_REGION_LENGTH__:0x20000
                0x000000000000ffa0                __DATA_REGION_LENGTH__ = DEFINED (__DATA_REGION_LENGTH__)?__DATA_REGION_LENGTH__:0xffa0
                0x0000000000010000                __EEPROM_REGION_LENGTH__ = DEFINED (__EEPROM_REGION_LENGTH__)?__EEPROM_REGION_LENGTH__:0x10000
                0x0000000000000400                __FUSE_REGION_LENGTH__ = DEFINED (__FUSE_REGION_LENGTH__)?__FUSE_REGION_LENGTH__:0x400
                0x0000000000000400                __LOCK_REGION_LENGTH__ = DEFINED (__LOCK_REGION_LENGTH__)?__LOCK_REGION_LENGTH__:0x400
                0x0000000000000400                __SIGNATURE_REGION_LENGTH__ = DEFINED (__SIGNATURE_REGION_LENGTH__)?__SIGNATURE_REGION_LENGTH__:0x400
                0x0000000000000400                __USER_SIGNATURE_REGION_LENGTH__ = DEFINED (__USER_SIGNATURE_REGION_LENGTH__)?__USER_SIGNATURE_REGION_LENGTH__:0x400

.text           0x0000000000000000      0x93c
                0x0000000000000000                _stext = .
 *(.vectors)
 .vectors       0x0000000000000000       0x68 build/home/mirmik/project/genos/arch/avr/src/vectors.o
                0x0000000000000000                vectortab
 *(.progmem.gcc*)
 *(.progmem*)
                0x0000000000000068                . = ALIGN (0x2)
 *(.trampolines)
 .trampolines   0x0000000000000068        0x0 linker stubs
 *(.trampolines*)
 *(.init)
 .init          0x0000000000000068       0xa6 build/home/mirmik/project/genos/arch/avr/src/start.o
                0x0000000000000068                __start
                0x00000000000000b4                __do_copy_data
                0x00000000000000ca                __do_clear_bss
                0x00000000000000da                __do_global_constructors
 *(.handlers)
 .handlers      0x000000000000010e       0x46 /tmp/ccH0MKLy.ltrans0.ltrans.o
                0x000000000000010e                do_irq
 .handlers      0x0000000000000154      0x124 build/home/mirmik/project/genos/arch/avr/src/irqcall.o
                0x0000000000000154                atmega_int0
                0x000000000000015a                atmega_int1
                0x0000000000000160                atmega_pcint0
                0x0000000000000166                atmega_pcint1
                0x000000000000016c                atmega_pcint2
                0x0000000000000172                atmega_wdt
                0x0000000000000178                atmega_tim2_compa
                0x000000000000017e                atmega_tim2_compb
                0x0000000000000184                atmega_tim2_ovf
                0x000000000000018a                atmega_tim1_capt
                0x0000000000000190                atmega_tim1_compa
                0x0000000000000196                atmega_tim1_compb
                0x000000000000019c                atmega_tim1_ovf
                0x00000000000001a2                atmega_tim0_compa
                0x00000000000001a8                atmega_tim0_compb
                0x00000000000001ae                atmega_tim0_ovf
                0x00000000000001b4                atmega_spi_stc
                0x00000000000001ba                atmega_u0rx
                0x00000000000001c0                atmega_u0dre
                0x00000000000001c6                atmega_u0tx
                0x00000000000001cc                atmega_adc
                0x00000000000001d2                atmega_ee_rdy
                0x00000000000001d8                atmega_ana_comp
                0x00000000000001de                atmega_twi
                0x00000000000001e4                atmega_spm_rdy
                0x00000000000001ea                excpt_common
                0x0000000000000278                __ctors_start = .
 SORT(*)(.ctors)
 .ctors         0x0000000000000278        0x2 /tmp/ccH0MKLy.ltrans0.ltrans.o
                0x000000000000027a                __ctors_end = .
                0x000000000000027a                _dtors_start = .
 SORT(*)(.dtors)
                0x000000000000027a                _dtors_end = .
                0x000000000000027a                . = ALIGN (0x2)
 *(.text)
 *(.text.*)
 .text._ZN5genos3avr5timerIhP11timer8_regsE7value16Ev
                0x000000000000027a       0x10 /tmp/ccH0MKLy.ltrans0.ltrans.o
 .text._ZN5genos3avr5timerIhP11timer8_regsE4typeEv
                0x000000000000028a        0x4 /tmp/ccH0MKLy.ltrans0.ltrans.o
 .text._ZN5genos3avr5timerIhP11timer8_regsE15set_ovf_handlerEPFvPvES5_
                0x000000000000028e       0x1c /tmp/ccH0MKLy.ltrans0.ltrans.o
 .text._ZN5genos3avr5timerIjP12timer16_regsE14irq_ovf_enableEb
                0x00000000000002aa       0x14 /tmp/ccH0MKLy.ltrans0.ltrans.o
 .text._ZN5genos3avr5timerIhP11timer8_regsE11set_divcodeEh
                0x00000000000002be       0x1a /tmp/ccH0MKLy.ltrans0.ltrans.o
 .text._ZN5genos3avr5timerIjP12timer16_regsE7value16Ev
                0x00000000000002d8       0x10 /tmp/ccH0MKLy.ltrans0.ltrans.o
 .text._ZN5genos3avr5timerIjP12timer16_regsE4typeEv
                0x00000000000002e8        0x4 /tmp/ccH0MKLy.ltrans0.ltrans.o
 .text._ZN5genos3avr5timerIjP12timer16_regsE15set_ovf_handlerEPFvPvES5_
                0x00000000000002ec       0x1c /tmp/ccH0MKLy.ltrans0.ltrans.o
 .text._ZN5genos3avr5timerIjP12timer16_regsE11set_divcodeEh
                0x0000000000000308       0x1a /tmp/ccH0MKLy.ltrans0.ltrans.o
 .text._ZN5genos3avrL15tc_divider_codeEj
                0x0000000000000322       0x34 /tmp/ccH0MKLy.ltrans0.ltrans.o
 .text._ZN5genos3avr5timerIhP11timer8_regsE11set_dividerEj
                0x0000000000000356       0x24 /tmp/ccH0MKLy.ltrans0.ltrans.o
 .text._ZN5genos3avr5timerIjP12timer16_regsE11set_dividerEj
                0x000000000000037a       0x24 /tmp/ccH0MKLy.ltrans0.ltrans.o
 .text.cpu_delay.lto_priv.24
                0x000000000000039e       0x64 /tmp/ccH0MKLy.ltrans0.ltrans.o
 .text.system_tick
                0x0000000000000402       0x28 /tmp/ccH0MKLy.ltrans0.ltrans.o
 .text.usart0_diag_putchar
                0x000000000000042a       0x2a /tmp/ccH0MKLy.ltrans0.ltrans.o
 .text.__errno_location
                0x0000000000000454        0x6 /tmp/ccH0MKLy.ltrans0.ltrans.o
 .text._ZN5genos8resource4openEPNS_7openresE
                0x000000000000045a        0x6 /tmp/ccH0MKLy.ltrans0.ltrans.o
 .text._ZN5genos15named_node_list7iterateEPcjPNS_7openresE
                0x0000000000000460        0x6 /tmp/ccH0MKLy.ltrans0.ltrans.o
 .text._ZN5genos9directory6mknodeEPKcPNS_7openresE
                0x0000000000000466        0x6 /tmp/ccH0MKLy.ltrans0.ltrans.o
 .text._ZN5genos8resource7releaseEv
                0x000000000000046c        0x6 /tmp/ccH0MKLy.ltrans0.ltrans.o
 .text._ZN5genos4node7gettypeEv
                0x0000000000000472        0x6 /tmp/ccH0MKLy.ltrans0.ltrans.o
 .text.diag_putc
                0x0000000000000478       0x1a /tmp/ccH0MKLy.ltrans0.ltrans.o
 .text.diag_write_common
                0x0000000000000492       0x2c /tmp/ccH0MKLy.ltrans0.ltrans.o
 .text.debug_print
                0x00000000000004be       0x46 /tmp/ccH0MKLy.ltrans0.ltrans.o
 .text.irqtable_stub
                0x0000000000000504       0xa8 /tmp/ccH0MKLy.ltrans0.ltrans.o
 .text._ZN5genos14device_manager4openEPKcPNS_7openresE
                0x00000000000005ac       0xa8 /tmp/ccH0MKLy.ltrans0.ltrans.o
 .text.startup._GLOBAL__I_65535_0_main.o.4108
                0x0000000000000654       0xfc /tmp/ccH0MKLy.ltrans0.ltrans.o
 .text.strcmp   0x0000000000000750       0x22 /tmp/ccH0MKLy.ltrans0.ltrans.o
                0x0000000000000750                strcmp
 .text.end_of_programm
                0x0000000000000772        0x6 /tmp/ccH0MKLy.ltrans0.ltrans.o
                0x0000000000000772                end_of_programm
 .text.startup.main
                0x0000000000000778       0xd6 /tmp/ccH0MKLy.ltrans0.ltrans.o
                0x0000000000000778                main
 .text.libgcc.div
                0x000000000000084e       0x1c /usr/lib/gcc/avr/5.4.0/avr5/libgcc.a(_udivdi3.o)
                0x000000000000084e                __umoddi3
                0x0000000000000852                __udivdi3
                0x0000000000000854                __udivdi3_umoddi3
 .text.libgcc.div
                0x000000000000086a       0xa2 /usr/lib/gcc/avr/5.4.0/avr5/libgcc.a(_udivmod64.o)
                0x000000000000086a                __udivmod64
 .text.libgcc   0x000000000000090c       0x18 /usr/lib/gcc/avr/5.4.0/avr5/libgcc.a(_adddi3_s8.o)
                0x000000000000090c                __adddi3_s8
 .text.libgcc   0x0000000000000924       0x18 /usr/lib/gcc/avr/5.4.0/avr5/libgcc.a(_cmpdi2_s8.o)
                0x0000000000000924                __cmpdi2_s8
                0x000000000000093c                _etext = .

.data           0x0000000000800100       0x6c load address 0x000000000000093c
                0x0000000000800100                __data_start = ABSOLUTE (.)
 *(.data)
 .data          0x0000000000800100        0x0 /tmp/ccH0MKLy.ltrans0.ltrans.o
 .data          0x0000000000800100        0x0 build/home/mirmik/project/genos/arch/avr/src/start.o
 .data          0x0000000000800100        0x0 build/home/mirmik/project/genos/arch/avr/src/vectors.o
 .data          0x0000000000800100        0x0 build/home/mirmik/project/genos/arch/avr/src/irqcall.o
 .data          0x0000000000800100        0x0 build/home/mirmik/project/genos/arch/avr/src/switch_context.o
 .data          0x0000000000800100        0x0 build/home/mirmik/project/genos/arch/avr/src/debug_blink.o
 .data          0x0000000000800100        0x0 /usr/lib/gcc/avr/5.4.0/avr5/libgcc.a(_divmodsi4.o)
 .data          0x0000000000800100        0x0 /usr/lib/gcc/avr/5.4.0/avr5/libgcc.a(_negsi2.o)
 .data          0x0000000000800100        0x0 /usr/lib/gcc/avr/5.4.0/avr5/libgcc.a(_ctors.o)
 .data          0x0000000000800100        0x0 /usr/lib/gcc/avr/5.4.0/avr5/libgcc.a(_udivdi3.o)
 .data          0x0000000000800100        0x0 /usr/lib/gcc/avr/5.4.0/avr5/libgcc.a(_udivmod64.o)
 .data          0x0000000000800100        0x0 /usr/lib/gcc/avr/5.4.0/avr5/libgcc.a(_adddi3_s8.o)
 .data          0x0000000000800100        0x0 /usr/lib/gcc/avr/5.4.0/avr5/libgcc.a(_cmpdi2_s8.o)
 .data          0x0000000000800100        0x0 /usr/lib/gcc/avr/5.4.0/avr5/libgcc.a(_udivmodsi4.o)
 .data          0x0000000000800100        0x0 /usr/lib/gcc/avr/5.4.0/avr5/libgcc.a(_tablejump2.o)
 *(.data.*)
 .data.timer0   0x0000000000800100        0x5 /tmp/ccH0MKLy.ltrans0.ltrans.o
 .data._ZN5genos7ns_listE
                0x0000000000800105        0x4 /tmp/ccH0MKLy.ltrans0.ltrans.o
 *(.rodata)
 .rodata        0x0000000000800109        0xc /tmp/ccH0MKLy.ltrans0.ltrans.o
 *(.rodata.*)
 .rodata.str1.1
                0x0000000000800115       0x15 /tmp/ccH0MKLy.ltrans0.ltrans.o
 .rodata.usart0_diag
                0x000000000080012a        0x8 /tmp/ccH0MKLy.ltrans0.ltrans.o
 .rodata._ZTVN5genos3avr5timerIjP12timer16_regsEE
                0x0000000000800132       0x10 /tmp/ccH0MKLy.ltrans0.ltrans.o
 .rodata._ZTVN5genos3avr5timerIhP11timer8_regsEE
                0x0000000000800142       0x10 /tmp/ccH0MKLy.ltrans0.ltrans.o
 .rodata._ZTVN5genos14device_managerE
                0x0000000000800152       0x1a /tmp/ccH0MKLy.ltrans0.ltrans.o
                0x000000000080016c                __data_end = ABSOLUTE (.)

.bss            0x000000000080016c       0xd1 load address 0x00000000000009a8
                0x000000000080016c                __bss_start = ABSOLUTE (.)
 *(.bss .bss.*)
 .bss.current_diag_priv
                0x000000000080016c        0x2 /tmp/ccH0MKLy.ltrans0.ltrans.o
 .bss.current_diag_ops
                0x000000000080016e        0x2 /tmp/ccH0MKLy.ltrans0.ltrans.o
 .bss._ZZ16__errno_locationE12global_errno
                0x0000000000800170        0x2 /tmp/ccH0MKLy.ltrans0.ltrans.o
 .bss.__interrupt_context
                0x0000000000800172        0x1 /tmp/ccH0MKLy.ltrans0.ltrans.o
 .bss.__jiffies
                0x0000000000800173        0x4 /tmp/ccH0MKLy.ltrans0.ltrans.o
 .bss.irqtable  0x0000000000800177       0x96 /tmp/ccH0MKLy.ltrans0.ltrans.o
 .bss._ZN5genos3avr6timer2E
                0x000000000080020d        0xa /tmp/ccH0MKLy.ltrans0.ltrans.o
 .bss._ZN5genos3avr6timer1E
                0x0000000000800217        0xa /tmp/ccH0MKLy.ltrans0.ltrans.o
 .bss._ZN5genos3avr6timer0E
                0x0000000000800221        0xa /tmp/ccH0MKLy.ltrans0.ltrans.o
 .bss._ZN5genos7devmngrE
                0x000000000080022b        0xe /tmp/ccH0MKLy.ltrans0.ltrans.o
 .bss.board_led
                0x0000000000800239        0x4 /tmp/ccH0MKLy.ltrans0.ltrans.o
                0x000000000080023d                __bss_end = ABSOLUTE (.)
                0x000000000080023d                _heap_start = ABSOLUTE (.)

.noinit         0x000000000080023d        0x0 load address 0x00000000000009a8
                0x000000000080023d                _snoinit = ABSOLUTE (.)
 *(.noinit*)
                0x000000000080023d                _enoinit = ABSOLUTE (.)

.eeprom         0x0000000000810000        0x0
                0x0000000000810000                _seeprom = ABSOLUTE (.)
 *(.eeprom*)
                0x0000000000810000                _eeeprom = ABSOLUTE (.)
OUTPUT(./firmware elf32-avr)
LOAD linker stubs

.comment        0x0000000000000000       0x11
 .comment       0x0000000000000000       0x11 /tmp/ccH0MKLy.ltrans0.ltrans.o
                                         0x12 (size before relaxing)
